[financemagnow.com/index.html]
[backblue.gif]
[fade.gif]
[index.html]
[financemagnow.com/assets/bootstrap/css/bootstrap.min.css]
[financemagnow.com/assets/css/style.css]
[financemagnow.com/favicon.ico]
[twitter.com/financemagnow-image.4.delayed]
[financemagnow.com/stocks.html]
[financemagnow.com/investing_essentials.html]
[financemagnow.com/trading_essentials.html]
[financemagnow.com/cryptocurrency_news.html]
[financemagnow.com/personal_finance_news.html]
[financemagnow.com/wealth_management.html]
[financemagnow.com/budgeting_saving.html]
[financemagnow.com/best_online_brokers.html]
[financemagnow.com/best_savings_account.html]
[financemagnow.com/practice_management.html]
[financemagnow.com/financial_advisor_career.html]
[financemagnow.com/index-2.html]
[financemagnow.com/contact.html]
[financemagnow.com/financial_planning.html]
[financemagnow.com/assets/img/FM_dark.svg]
[financemagnow.com/assets/img/hero_bg.png]
[financemagnow.com/assets/img/FlexShares.png]
[financemagnow.com/assets/img/Michael Kitces.png]
[financemagnow.com/assets/img/Taylor Schulte.png]
[financemagnow.com/assets/img/Jedraa-Barett.png]
[financemagnow.com/assets/img/Top 100.svg]
[financemagnow.com/assets/img/Rita Cheng.png]
[financemagnow.com/assets/img/Ron Carson.png]
[financemagnow.com/assets/img/Peter Lazaroff.png]
[financemagnow.com/assets/img/Alex Chalekian.png]
[financemagnow.com/assets/img/Dasarte Yarnway.png]
[financemagnow.com/assets/img/Mary Beth.png]
[financemagnow.com/assets/img/Lawrence Sprung.png]
[financemagnow.com/assets/img/FM_light.svg]
[financemagnow.com/assets/img/TRUSTeSeal-1024x353.png]
[financemagnow.com/about.html]
[financemagnow.com/editorial_policy.html]
[financemagnow.com/privacy_policy.html]
[financemagnow.com/index.html]
[financemagnow.com/top-100-investors-of-2022/index.html]
[financemagnow.com/assets/bootstrap/css/bootstrap.min.css]
[financemagnow.com/assets/css/style.css]
[financemagnow.com/financemag-image.html]
[twitter.com/financemagnow-image.html]
[financemagnow.com/financial-term-dictionary-4769738.html]
[financemagnow.com/california_policy.html]
[financemagnow.com/assets/img/favicon.ico]
[financemagnow.com/stocks.html]
[financemagnow.com/investing_essentials.html]
[financemagnow.com/trading_essentials.html]
[financemagnow.com/news-4427706.html]
[financemagnow.com/cryptocurrency_news.html]
[financemagnow.com/personal_finance_news.html]
[financemagnow.com/personal-finance-4427760.html]
[financemagnow.com/wealth_management.html]
[financemagnow.com/budgeting_saving.html]
[financemagnow.com/best_online_brokers.html]
[financemagnow.com/best_savings_account.html]
[financemagnow.com/financial-advisor-4427709.html]
[financemagnow.com/practice_management.html]
[financemagnow.com/financial_advisor_career.html]
[financemagnow.com/index-2.html]
[financemagnow.com/assets/fonts/font-awesome.min.css]
[financemagnow.com/assets/bootstrap/js/bootstrap.min.js]
[financemagnow.com/assets/js/Contact-Form-v2-Modal--Full-with-Google-Map-scripts.js]
[financemagnow.com/contact.html]
[financemagnow.com/financial_planning.html]
[financemagnow.com/assets/img/FM_dark.svg]
[financemagnow.com/assets/img/Top 100.svg]
[financemagnow.com/assets/img/RitaCheng_financemagnow_top_10.html]
[financemagnow.com/assets/img/FM_light.svg]
[financemagnow.com/assets/img/clipboard-image.png]
[financemagnow.com/assets/img/clipboard-image-1.png]
[financemagnow.com/assets/img/clipboard-image-2.png]
[financemagnow.com/assets/img/clipboard-image-3.png]
[financemagnow.com/assets/img/clipboard-image-4.png]
[financemagnow.com/assets/img/clipboard-image-5.png]
[financemagnow.com/about.html]
[financemagnow.com/legal-4768893.html]
[financemagnow.com/editorial_policy.html]
[financemagnow.com/privacy_policy.html]
[financemagnow.com/california_policy.html]
[financemagnow.com/assets/fonts/fontawesome-webfont3e6e.eot]
[financemagnow.com/assets/fonts/fontawesome-webfontd41d.eot]
[financemagnow.com/assets/fonts/fontawesome-webfont3e6e.woff2]
[financemagnow.com/assets/fonts/fontawesome-webfont3e6e.woff]
[financemagnow.com/assets/fonts/fontawesome-webfont3e6e.ttf]
[financemagnow.com/assets/fonts/font-awesome.min.css]
[financemagnow.com/assets/css/Contact-Form-v2-Modal--Full-with-Google-Map.css]
[financemagnow.com/assets/fonts/fontawesome-webfont3e6e.svg]
[financemagnow.com/assets/fonts/fontawesome-webfont3e6e.svg]
